// Jest Snapshot v1, https://goo.gl/fbAQLP

exports[`Label component modified 1`] = `
<DocumentFragment>
  <div
    class="label-div"
  >
    <span
      data-testid="titleTag"
    />
  </div>
</DocumentFragment>
`;
