// Jest Snapshot v1, https://goo.gl/fbAQLP

exports[`Tree component modified 1`] = `
<DocumentFragment>
  <div>
    <div
      class="stages"
    >
      <span>
        Loading...
      </span>
    </div>
  </div>
</DocumentFragment>
`;
